2025-07-02 22:57:40,385 - INFO - server starting up
2025-07-03 23:24:57,279 - app - INFO - server starting up
2025-07-03 23:25:13,490 - app - INFO - [2025-07-03T23:25:13.490767] FSR: 1234, Voltage: 2.5, Resistance: 8900
2025-07-03 23:30:27,758 - app - INFO - [2025-07-03T23:30:27.757909] FSR: 1234, Voltage: 2.5, Resistance: 8900
2025-07-26 22:21:50,515 - app - INFO - server starting up
2025-07-26 22:30:51,539 - app - INFO - [2025-07-26T22:30:51.539923] FSR: 1234, Voltage: 2.5, Resistance: 8900
2025-07-26 22:34:34,241 - app - INFO - [2025-07-26T22:34:34.241213] FSR: 1234, Voltage: 2.5, Resistance: 8900
2025-07-26 22:44:14,545 - app - INFO - [2025-07-26T22:44:14.545952] FSR: 1234, Voltage: 2.5, Resistance: 8900
2025-07-26 22:44:29,696 - app - INFO - [2025-07-26T22:44:29.696942] FSR: 1234, Voltage: 2.5, Resistance: 8900
2025-07-26 23:01:48,009 - app - INFO - server starting up
2025-07-26 23:01:53,457 - app - INFO - server starting up
2025-07-26 23:02:07,983 - app - INFO - server starting up
2025-07-26 23:11:20,054 - app - INFO - [2025-07-26T23:11:20.054636] FSR: N/A, Voltage: N/A, Resistance: N/A, Message: Wi-Fi connected and ready
2025-07-26 23:11:21,495 - app - INFO - [2025-07-26T23:11:21.494966] FSR: 0, Voltage: 0.0000, Resistance: inf, Message: N/A
2025-07-26 23:11:22,628 - app - INFO - [2025-07-26T23:11:22.628604] FSR: 0, Voltage: 0.0000, Resistance: inf, Message: N/A
2025-07-26 23:11:24,165 - app - INFO - [2025-07-26T23:11:24.165893] FSR: 0, Voltage: 0.0000, Resistance: inf, Message: N/A
2025-07-26 23:11:25,385 - app - INFO - [2025-07-26T23:11:25.385378] FSR: 0, Voltage: 0.0000, Resistance: inf, Message: N/A
2025-07-26 23:11:26,669 - app - INFO - [2025-07-26T23:11:26.669118] FSR: 0, Voltage: 0.0000, Resistance: inf, Message: N/A
2025-07-26 23:11:27,949 - app - INFO - [2025-07-26T23:11:27.949539] FSR: 0, Voltage: 0.0000, Resistance: inf, Message: N/A
2025-07-26 23:11:29,275 - app - INFO - [2025-07-26T23:11:29.275085] FSR: 0, Voltage: 0.0000, Resistance: inf, Message: N/A
2025-07-26 23:11:30,600 - app - INFO - [2025-07-26T23:11:30.600040] FSR: 0, Voltage: 0.0000, Resistance: inf, Message: N/A
2025-07-26 23:11:32,040 - app - INFO - [2025-07-26T23:11:32.039948] FSR: 0, Voltage: 0.0000, Resistance: inf, Message: N/A
2025-07-26 23:11:33,365 - app - INFO - [2025-07-26T23:11:33.365137] FSR: 0, Voltage: 0.0000, Resistance: inf, Message: N/A
2025-07-26 23:11:34,812 - app - INFO - [2025-07-26T23:11:34.811991] FSR: 203113, Voltage: 1.8237, Resistance: 8095.4487, Message: N/A
2025-07-26 23:11:36,035 - app - INFO - [2025-07-26T23:11:36.035882] FSR: 202011, Voltage: 1.7576, Resistance: 8775.7910, Message: N/A
2025-07-26 23:11:37,360 - app - INFO - [2025-07-26T23:11:37.360002] FSR: 200131, Voltage: 1.6738, Resistance: 9715.9355, Message: N/A
2025-07-26 23:11:38,813 - app - INFO - [2025-07-26T23:11:38.813175] FSR: 132231, Voltage: 1.5835, Resistance: 10839.6943, Message: N/A
2025-07-26 23:11:40,123 - app - INFO - [2025-07-26T23:11:40.123656] FSR: 200202, Voltage: 1.6778, Resistance: 9668.5879, Message: N/A
2025-07-26 23:11:41,564 - app - INFO - [2025-07-26T23:11:41.564436] FSR: 0, Voltage: 0.0000, Resistance: inf, Message: N/A
2025-07-26 23:11:43,093 - app - INFO - [2025-07-26T23:11:43.093103] FSR: 0, Voltage: 0.0000, Resistance: inf, Message: N/A
2025-07-26 23:11:44,535 - app - INFO - [2025-07-26T23:11:44.535855] FSR: 0, Voltage: 0.0000, Resistance: inf, Message: N/A
2025-07-26 23:11:45,858 - app - INFO - [2025-07-26T23:11:45.858449] FSR: 0, Voltage: 0.0000, Resistance: inf, Message: N/A
2025-07-26 23:11:47,298 - app - INFO - [2025-07-26T23:11:47.298331] FSR: 0, Voltage: 0.0000, Resistance: inf, Message: N/A
2025-07-26 23:11:48,354 - app - INFO - [2025-07-26T23:11:48.354283] FSR: 0, Voltage: 0.0000, Resistance: inf, Message: N/A
2025-07-26 23:11:49,852 - app - INFO - [2025-07-26T23:11:49.852677] FSR: 0, Voltage: 0.0000, Resistance: inf, Message: N/A
2025-07-26 23:11:51,293 - app - INFO - [2025-07-26T23:11:51.293416] FSR: 0, Voltage: 0.0000, Resistance: inf, Message: N/A
2025-07-26 23:11:52,616 - app - INFO - [2025-07-26T23:11:52.616269] FSR: 0, Voltage: 0.0000, Resistance: inf, Message: N/A
2025-07-26 23:11:54,163 - app - INFO - [2025-07-26T23:11:54.163527] FSR: 0, Voltage: 0.0000, Resistance: inf, Message: N/A
2025-07-26 23:11:55,386 - app - INFO - [2025-07-26T23:11:55.386053] FSR: 0, Voltage: 0.0000, Resistance: inf, Message: N/A
2025-07-26 23:11:56,617 - app - INFO - [2025-07-26T23:11:56.617238] FSR: 223120, Voltage: 2.2371, Resistance: 4751.4409, Message: N/A
2025-07-26 23:11:58,147 - app - INFO - [2025-07-26T23:11:58.147506] FSR: 221211, Voltage: 2.1444, Resistance: 5388.9517, Message: N/A
2025-07-26 23:11:59,365 - app - INFO - [2025-07-26T23:11:59.364990] FSR: 221021, Voltage: 2.1218, Resistance: 5552.6021, Message: N/A
2025-07-26 23:12:00,586 - app - INFO - [2025-07-26T23:12:00.586524] FSR: 0, Voltage: 0.0000, Resistance: inf, Message: N/A
2025-07-26 23:12:02,139 - app - INFO - [2025-07-26T23:12:02.138996] FSR: 0, Voltage: 0.0000, Resistance: inf, Message: N/A
2025-07-26 23:12:03,361 - app - INFO - [2025-07-26T23:12:03.361880] FSR: 0, Voltage: 0.0000, Resistance: inf, Message: N/A
2025-07-26 23:12:04,905 - app - INFO - [2025-07-26T23:12:04.905208] FSR: 0, Voltage: 0.0000, Resistance: inf, Message: N/A
2025-07-26 23:12:06,542 - app - INFO - [2025-07-26T23:12:06.542133] FSR: 0, Voltage: 0.0000, Resistance: inf, Message: N/A
2025-07-26 23:12:07,883 - app - INFO - [2025-07-26T23:12:07.883328] FSR: 0, Voltage: 0.0000, Resistance: inf, Message: N/A
2025-07-26 23:12:09,115 - app - INFO - [2025-07-26T23:12:09.115676] FSR: 0, Voltage: 0.0000, Resistance: inf, Message: N/A
2025-07-26 23:12:10,639 - app - INFO - [2025-07-26T23:12:10.639179] FSR: 0, Voltage: 0.0000, Resistance: inf, Message: N/A
2025-07-26 23:12:12,026 - app - INFO - [2025-07-26T23:12:12.026198] FSR: 0, Voltage: 0.0000, Resistance: inf, Message: N/A
2025-07-26 23:12:13,412 - app - INFO - [2025-07-26T23:12:13.412003] FSR: 0, Voltage: 0.0000, Resistance: inf, Message: N/A
2025-07-26 23:12:14,853 - app - INFO - [2025-07-26T23:12:14.853431] FSR: 210231, Voltage: 1.8930, Resistance: 7432.9507, Message: N/A
2025-07-26 23:12:16,372 - app - INFO - [2025-07-26T23:12:16.372573] FSR: 33123, Voltage: 0.7954, Resistance: 31489.3633, Message: N/A
2025-07-26 23:12:18,114 - app - INFO - [2025-07-26T23:12:18.114798] FSR: 0, Voltage: 0.0000, Resistance: inf, Message: N/A
2025-07-26 23:12:19,566 - app - INFO - [2025-07-26T23:12:19.566231] FSR: 0, Voltage: 0.0000, Resistance: inf, Message: N/A
2025-07-26 23:12:21,082 - app - INFO - [2025-07-26T23:12:21.081973] FSR: 0, Voltage: 0.0000, Resistance: inf, Message: N/A
2025-07-26 23:12:22,524 - app - INFO - [2025-07-26T23:12:22.524874] FSR: 0, Voltage: 0.0000, Resistance: inf, Message: N/A
2025-07-26 23:12:23,750 - app - INFO - [2025-07-26T23:12:23.750511] FSR: 0, Voltage: 0.0000, Resistance: inf, Message: N/A
2025-07-26 23:12:24,877 - app - INFO - [2025-07-26T23:12:24.877512] FSR: 0, Voltage: 0.0000, Resistance: inf, Message: N/A
2025-07-26 23:12:26,407 - app - INFO - [2025-07-26T23:12:26.407475] FSR: 0, Voltage: 0.0000, Resistance: inf, Message: N/A
2025-07-26 23:12:27,642 - app - INFO - [2025-07-26T23:12:27.642924] FSR: 0, Voltage: 0.0000, Resistance: inf, Message: N/A
2025-07-26 23:12:28,871 - app - INFO - [2025-07-26T23:12:28.871827] FSR: 0, Voltage: 0.0000, Resistance: inf, Message: N/A
2025-07-26 23:12:30,362 - app - INFO - [2025-07-26T23:12:30.362602] FSR: 0, Voltage: 0.0000, Resistance: inf, Message: N/A
2025-07-26 23:12:31,950 - app - INFO - [2025-07-26T23:12:31.950145] FSR: 0, Voltage: 0.0000, Resistance: inf, Message: N/A
2025-07-26 23:12:33,582 - app - INFO - [2025-07-26T23:12:33.581965] FSR: 0, Voltage: 0.0000, Resistance: inf, Message: N/A
2025-07-26 23:12:35,222 - app - INFO - [2025-07-26T23:12:35.222301] FSR: 0, Voltage: 0.0000, Resistance: inf, Message: N/A
2025-07-26 23:12:36,352 - app - INFO - [2025-07-26T23:12:36.351932] FSR: 0, Voltage: 0.0000, Resistance: inf, Message: N/A
2025-07-26 23:12:37,880 - app - INFO - [2025-07-26T23:12:37.880949] FSR: 0, Voltage: 0.0000, Resistance: inf, Message: N/A
2025-07-26 23:12:39,324 - app - INFO - [2025-07-26T23:12:39.324507] FSR: 213303, Voltage: 2.0525, Resistance: 6077.7388, Message: N/A
2025-07-26 23:12:40,846 - app - INFO - [2025-07-26T23:12:40.846211] FSR: 220102, Voltage: 2.0775, Resistance: 5884.4062, Message: N/A
2025-07-26 23:12:42,291 - app - INFO - [2025-07-26T23:12:42.291792] FSR: 212321, Voltage: 2.0058, Resistance: 6452.3901, Message: N/A
2025-07-26 23:12:43,613 - app - INFO - [2025-07-26T23:12:43.613029] FSR: 0, Voltage: 0.0000, Resistance: inf, Message: N/A
2025-07-26 23:12:45,051 - app - INFO - [2025-07-26T23:12:45.051895] FSR: 0, Voltage: 0.0000, Resistance: inf, Message: N/A
2025-07-26 23:12:46,482 - app - INFO - [2025-07-26T23:12:46.482521] FSR: 0, Voltage: 0.0000, Resistance: inf, Message: N/A
2025-07-26 23:12:48,032 - app - INFO - [2025-07-26T23:12:48.032591] FSR: 0, Voltage: 0.0000, Resistance: inf, Message: N/A
2025-07-26 23:12:49,346 - app - INFO - [2025-07-26T23:12:49.346143] FSR: 0, Voltage: 0.0000, Resistance: inf, Message: N/A
2025-07-26 23:12:50,787 - app - INFO - [2025-07-26T23:12:50.787339] FSR: 0, Voltage: 0.0000, Resistance: inf, Message: N/A
2025-07-26 23:12:52,110 - app - INFO - [2025-07-26T23:12:52.110336] FSR: 0, Voltage: 0.0000, Resistance: inf, Message: N/A
2025-07-26 23:12:53,559 - app - INFO - [2025-07-26T23:12:53.558986] FSR: 0, Voltage: 0.0000, Resistance: inf, Message: N/A
2025-07-26 23:12:54,876 - app - INFO - [2025-07-26T23:12:54.876050] FSR: 13311, Voltage: 0.4037, Resistance: 71736.5234, Message: N/A
2025-07-26 23:12:56,118 - app - INFO - [2025-07-26T23:12:56.118756] FSR: 0, Voltage: 0.0000, Resistance: inf, Message: N/A
2025-07-26 23:12:57,640 - app - INFO - [2025-07-26T23:12:57.640206] FSR: 0, Voltage: 0.0000, Resistance: inf, Message: N/A
2025-07-26 23:12:58,886 - app - INFO - [2025-07-26T23:12:58.886463] FSR: 0, Voltage: 0.0000, Resistance: inf, Message: N/A
2025-07-26 23:13:00,310 - app - INFO - [2025-07-26T23:13:00.310054] FSR: 0, Voltage: 0.0000, Resistance: inf, Message: N/A
2025-07-26 23:13:01,634 - app - INFO - [2025-07-26T23:13:01.634405] FSR: 0, Voltage: 0.0000, Resistance: inf, Message: N/A
2025-07-26 23:13:02,874 - app - INFO - [2025-07-26T23:13:02.874817] FSR: 0, Voltage: 0.0000, Resistance: inf, Message: N/A
2025-07-26 23:13:04,398 - app - INFO - [2025-07-26T23:13:04.398165] FSR: 0, Voltage: 0.0000, Resistance: inf, Message: N/A
2025-07-26 23:13:05,948 - app - INFO - [2025-07-26T23:13:05.948388] FSR: 0, Voltage: 0.0000, Resistance: inf, Message: N/A
2025-07-26 23:13:07,368 - app - INFO - [2025-07-26T23:13:07.368171] FSR: 0, Voltage: 0.0000, Resistance: inf, Message: N/A
2025-07-26 23:13:08,717 - app - INFO - [2025-07-26T23:13:08.717415] FSR: 0, Voltage: 0.0000, Resistance: inf, Message: N/A
2025-07-26 23:13:10,133 - app - INFO - [2025-07-26T23:13:10.133398] FSR: 0, Voltage: 0.0000, Resistance: inf, Message: N/A
2025-07-26 23:13:11,392 - app - INFO - [2025-07-26T23:13:11.392074] FSR: 0, Voltage: 0.0000, Resistance: inf, Message: N/A
2025-07-26 23:13:12,725 - app - INFO - [2025-07-26T23:13:12.725734] FSR: 0, Voltage: 0.0000, Resistance: inf, Message: N/A
2025-07-26 23:13:13,837 - app - INFO - [2025-07-26T23:13:13.837805] FSR: 0, Voltage: 0.0000, Resistance: inf, Message: N/A
2025-07-26 23:13:15,355 - app - INFO - [2025-07-26T23:13:15.355588] FSR: 0, Voltage: 0.0000, Resistance: inf, Message: N/A
2025-07-26 23:13:16,796 - app - INFO - [2025-07-26T23:13:16.796046] FSR: 0, Voltage: 0.0000, Resistance: inf, Message: N/A
2025-07-26 23:13:17,839 - app - INFO - [2025-07-26T23:13:17.839042] FSR: 0, Voltage: 0.0000, Resistance: inf, Message: N/A
2025-07-26 23:13:19,083 - app - INFO - [2025-07-26T23:13:19.083511] FSR: 0, Voltage: 0.0000, Resistance: inf, Message: N/A
2025-07-26 23:13:20,482 - app - INFO - [2025-07-26T23:13:20.482873] FSR: 0, Voltage: 0.0000, Resistance: inf, Message: N/A
2025-07-26 23:13:23,138 - app - INFO - [2025-07-26T23:13:23.138674] FSR: N/A, Voltage: N/A, Resistance: N/A, Message: Wi-Fi connected and ready
2025-07-26 23:13:24,694 - app - INFO - [2025-07-26T23:13:24.694499] FSR: 0, Voltage: 0.0000, Resistance: inf, Message: N/A
2025-07-26 23:13:25,910 - app - INFO - [2025-07-26T23:13:25.910604] FSR: 0, Voltage: 0.0000, Resistance: inf, Message: N/A
2025-07-26 23:13:27,157 - app - INFO - [2025-07-26T23:13:27.157432] FSR: 0, Voltage: 0.0000, Resistance: inf, Message: N/A
2025-07-26 23:13:28,465 - app - INFO - [2025-07-26T23:13:28.465209] FSR: 0, Voltage: 0.0000, Resistance: inf, Message: N/A
2025-07-26 23:13:29,809 - app - INFO - [2025-07-26T23:13:29.809839] FSR: 0, Voltage: 0.0000, Resistance: inf, Message: N/A
2025-07-26 23:13:31,027 - app - INFO - [2025-07-26T23:13:31.027129] FSR: 0, Voltage: 0.0000, Resistance: inf, Message: N/A
2025-07-26 23:13:32,258 - app - INFO - [2025-07-26T23:13:32.257972] FSR: 0, Voltage: 0.0000, Resistance: inf, Message: N/A
2025-07-26 23:13:33,370 - app - INFO - [2025-07-26T23:13:33.370006] FSR: 0, Voltage: 0.0000, Resistance: inf, Message: N/A
2025-07-26 23:13:34,647 - app - INFO - [2025-07-26T23:13:34.647758] FSR: 0, Voltage: 0.0000, Resistance: inf, Message: N/A
2025-07-26 23:13:35,856 - app - INFO - [2025-07-26T23:13:35.856780] FSR: 0, Voltage: 0.0000, Resistance: inf, Message: N/A
2025-07-26 23:13:37,371 - app - INFO - [2025-07-26T23:13:37.371127] FSR: 0, Voltage: 0.0000, Resistance: inf, Message: N/A
2025-07-26 23:13:38,848 - app - INFO - [2025-07-26T23:13:38.848763] FSR: 0, Voltage: 0.0000, Resistance: inf, Message: N/A
2025-07-26 23:13:40,127 - app - INFO - [2025-07-26T23:13:40.127251] FSR: 0, Voltage: 0.0000, Resistance: inf, Message: N/A
2025-07-26 23:13:41,682 - app - INFO - [2025-07-26T23:13:41.681985] FSR: 0, Voltage: 0.0000, Resistance: inf, Message: N/A
2025-07-26 23:13:42,919 - app - INFO - [2025-07-26T23:13:42.919169] FSR: 0, Voltage: 0.0000, Resistance: inf, Message: N/A
2025-07-26 23:13:44,540 - app - INFO - [2025-07-26T23:13:44.540339] FSR: 0, Voltage: 0.0000, Resistance: inf, Message: N/A
2025-07-26 23:13:45,869 - app - INFO - [2025-07-26T23:13:45.869354] FSR: 0, Voltage: 0.0000, Resistance: inf, Message: N/A
2025-07-26 23:13:47,107 - app - INFO - [2025-07-26T23:13:47.107563] FSR: 0, Voltage: 0.0000, Resistance: inf, Message: N/A
2025-07-26 23:13:48,367 - app - INFO - [2025-07-26T23:13:48.367453] FSR: 0, Voltage: 0.0000, Resistance: inf, Message: N/A
2025-07-26 23:13:49,770 - app - INFO - [2025-07-26T23:13:49.770059] FSR: 0, Voltage: 0.0000, Resistance: inf, Message: N/A
2025-07-26 23:13:50,868 - app - INFO - [2025-07-26T23:13:50.868317] FSR: 0, Voltage: 0.0000, Resistance: inf, Message: N/A
2025-07-26 23:13:52,129 - app - INFO - [2025-07-26T23:13:52.129244] FSR: 0, Voltage: 0.0000, Resistance: inf, Message: N/A
2025-07-26 23:13:53,654 - app - INFO - [2025-07-26T23:13:53.654494] FSR: 0, Voltage: 0.0000, Resistance: inf, Message: N/A
2025-07-26 23:13:54,888 - app - INFO - [2025-07-26T23:13:54.888251] FSR: 0, Voltage: 0.0000, Resistance: inf, Message: N/A
2025-07-26 23:13:56,319 - app - INFO - [2025-07-26T23:13:56.319634] FSR: 0, Voltage: 0.0000, Resistance: inf, Message: N/A
2025-07-26 23:13:57,647 - app - INFO - [2025-07-26T23:13:57.647434] FSR: 0, Voltage: 0.0000, Resistance: inf, Message: N/A
2025-07-26 23:13:58,888 - app - INFO - [2025-07-26T23:13:58.887979] FSR: 0, Voltage: 0.0000, Resistance: inf, Message: N/A
2025-07-26 23:14:00,412 - app - INFO - [2025-07-26T23:14:00.412055] FSR: 0, Voltage: 0.0000, Resistance: inf, Message: N/A
2025-07-26 23:14:01,948 - app - INFO - [2025-07-26T23:14:01.948137] FSR: 0, Voltage: 0.0000, Resistance: inf, Message: N/A
2025-07-26 23:14:03,295 - app - INFO - [2025-07-26T23:14:03.295362] FSR: 0, Voltage: 0.0000, Resistance: inf, Message: N/A
2025-07-26 23:14:04,615 - app - INFO - [2025-07-26T23:14:04.615135] FSR: 0, Voltage: 0.0000, Resistance: inf, Message: N/A
2025-07-26 23:14:06,055 - app - INFO - [2025-07-26T23:14:06.055855] FSR: 0, Voltage: 0.0000, Resistance: inf, Message: N/A
2025-07-26 23:14:07,377 - app - INFO - [2025-07-26T23:14:07.377053] FSR: 0, Voltage: 0.0000, Resistance: inf, Message: N/A
2025-07-26 23:14:08,807 - app - INFO - [2025-07-26T23:14:08.807075] FSR: 0, Voltage: 0.0000, Resistance: inf, Message: N/A
2025-07-26 23:14:10,041 - app - INFO - [2025-07-26T23:14:10.041967] FSR: 0, Voltage: 0.0000, Resistance: inf, Message: N/A
2025-07-26 23:14:11,370 - app - INFO - [2025-07-26T23:14:11.370615] FSR: 0, Voltage: 0.0000, Resistance: inf, Message: N/A
2025-07-26 23:14:12,816 - app - INFO - [2025-07-26T23:14:12.816125] FSR: 0, Voltage: 0.0000, Resistance: inf, Message: N/A
2025-07-26 23:14:14,047 - app - INFO - [2025-07-26T23:14:14.047860] FSR: 0, Voltage: 0.0000, Resistance: inf, Message: N/A
2025-07-26 23:14:15,465 - app - INFO - [2025-07-26T23:14:15.465606] FSR: 210023, Voltage: 1.8656, Resistance: 7688.9844, Message: N/A
2025-07-26 23:14:16,802 - app - INFO - [2025-07-26T23:14:16.802472] FSR: 211111, Voltage: 1.9252, Resistance: 7141.0635, Message: N/A
2025-07-26 23:14:18,131 - app - INFO - [2025-07-26T23:14:18.131044] FSR: 0, Voltage: 0.0000, Resistance: inf, Message: N/A
2025-07-26 23:14:19,667 - app - INFO - [2025-07-26T23:14:19.667191] FSR: 0, Voltage: 0.0000, Resistance: inf, Message: N/A
2025-07-26 23:14:20,899 - app - INFO - [2025-07-26T23:14:20.899246] FSR: 0, Voltage: 0.0000, Resistance: inf, Message: N/A
2025-07-26 23:14:22,116 - app - INFO - [2025-07-26T23:14:22.116694] FSR: 0, Voltage: 0.0000, Resistance: inf, Message: N/A
2025-07-26 23:14:23,657 - app - INFO - [2025-07-26T23:14:23.657359] FSR: 0, Voltage: 0.0000, Resistance: inf, Message: N/A
2025-07-26 23:14:25,193 - app - INFO - [2025-07-26T23:14:25.193087] FSR: 0, Voltage: 0.0000, Resistance: inf, Message: N/A
2025-07-26 23:14:26,429 - app - INFO - [2025-07-26T23:14:26.428961] FSR: 0, Voltage: 0.0000, Resistance: inf, Message: N/A
2025-07-26 23:14:27,661 - app - INFO - [2025-07-26T23:14:27.661055] FSR: 0, Voltage: 0.0000, Resistance: inf, Message: N/A
2025-07-26 23:14:28,921 - app - INFO - [2025-07-26T23:14:28.921909] FSR: 0, Voltage: 0.0000, Resistance: inf, Message: N/A
2025-07-26 23:14:30,319 - app - INFO - [2025-07-26T23:14:30.319341] FSR: 0, Voltage: 0.0000, Resistance: inf, Message: N/A
2025-07-26 23:14:31,644 - app - INFO - [2025-07-26T23:14:31.644893] FSR: 0, Voltage: 0.0000, Resistance: inf, Message: N/A
2025-07-26 23:14:32,882 - app - INFO - [2025-07-26T23:14:32.882053] FSR: 0, Voltage: 0.0000, Resistance: inf, Message: N/A
2025-07-26 23:17:29,003 - app - INFO - [2025-07-26T23:17:29.003905] FSR: N/A, Voltage: N/A, Resistance: N/A, Message: Wi-Fi connected and ready
2025-07-26 23:17:30,445 - app - INFO - [2025-07-26T23:17:30.445512] FSR: 0, Voltage: 0.0000, Resistance: inf, Message: N/A
2025-07-26 23:17:31,677 - app - INFO - [2025-07-26T23:17:31.677512] FSR: 0, Voltage: 0.0000, Resistance: inf, Message: N/A
2025-07-26 23:17:33,200 - app - INFO - [2025-07-26T23:17:33.200797] FSR: 0, Voltage: 0.0000, Resistance: inf, Message: N/A
2025-07-26 23:17:34,424 - app - INFO - [2025-07-26T23:17:34.424597] FSR: 0, Voltage: 0.0000, Resistance: inf, Message: N/A
2025-07-26 23:17:35,667 - app - INFO - [2025-07-26T23:17:35.667891] FSR: 0, Voltage: 0.0000, Resistance: inf, Message: N/A
2025-07-26 23:17:37,100 - app - INFO - [2025-07-26T23:17:37.099964] FSR: 0, Voltage: 0.0000, Resistance: inf, Message: N/A
2025-07-26 23:17:38,422 - app - INFO - [2025-07-26T23:17:38.422884] FSR: 0, Voltage: 0.0000, Resistance: inf, Message: N/A
2025-07-26 23:17:39,869 - app - INFO - [2025-07-26T23:17:39.869016] FSR: 0, Voltage: 0.0000, Resistance: inf, Message: N/A
2025-07-26 23:17:41,297 - app - INFO - [2025-07-26T23:17:41.297149] FSR: 0, Voltage: 0.0000, Resistance: inf, Message: N/A
2025-07-26 23:17:42,423 - app - INFO - [2025-07-26T23:17:42.423837] FSR: 0, Voltage: 0.0000, Resistance: inf, Message: N/A
2025-07-26 23:17:43,853 - app - INFO - [2025-07-26T23:17:43.853835] FSR: 0, Voltage: 0.0000, Resistance: inf, Message: N/A
2025-07-26 23:17:45,181 - app - INFO - [2025-07-26T23:17:45.181878] FSR: 0, Voltage: 0.0000, Resistance: inf, Message: N/A
2025-07-26 23:17:46,421 - app - INFO - [2025-07-26T23:17:46.421102] FSR: 0, Voltage: 0.0000, Resistance: inf, Message: N/A
2025-07-26 23:17:47,861 - app - INFO - [2025-07-26T23:17:47.861422] FSR: 0, Voltage: 0.0000, Resistance: inf, Message: N/A
2025-07-26 23:17:49,079 - app - INFO - [2025-07-26T23:17:49.079573] FSR: 222013, Voltage: 2.1718, Resistance: 5194.8052, Message: N/A
2025-07-26 23:17:50,404 - app - INFO - [2025-07-26T23:17:50.404557] FSR: 223220, Voltage: 2.2500, Resistance: 4666.9062, Message: N/A
2025-07-26 23:17:51,847 - app - INFO - [2025-07-26T23:17:51.847368] FSR: 0, Voltage: 0.0000, Resistance: inf, Message: N/A
2025-07-26 23:17:53,169 - app - INFO - [2025-07-26T23:17:53.169218] FSR: 0, Voltage: 0.0000, Resistance: inf, Message: N/A
2025-07-26 23:17:54,616 - app - INFO - [2025-07-26T23:17:54.616285] FSR: 0, Voltage: 0.0000, Resistance: inf, Message: N/A
2025-07-26 23:17:55,933 - app - INFO - [2025-07-26T23:17:55.933412] FSR: 0, Voltage: 0.0000, Resistance: inf, Message: N/A
2025-07-26 23:17:57,155 - app - INFO - [2025-07-26T23:17:57.154960] FSR: 0, Voltage: 0.0000, Resistance: inf, Message: N/A
2025-07-26 23:17:58,400 - app - INFO - [2025-07-26T23:17:58.400814] FSR: 0, Voltage: 0.0000, Resistance: inf, Message: N/A
2025-07-26 23:17:59,940 - app - INFO - [2025-07-26T23:17:59.940651] FSR: 0, Voltage: 0.0000, Resistance: inf, Message: N/A
2025-07-26 23:18:01,371 - app - INFO - [2025-07-26T23:18:01.371920] FSR: 0, Voltage: 0.0000, Resistance: inf, Message: N/A
2025-07-26 23:18:02,612 - app - INFO - [2025-07-26T23:18:02.612964] FSR: 0, Voltage: 0.0000, Resistance: inf, Message: N/A
2025-07-26 23:18:03,824 - app - INFO - [2025-07-26T23:18:03.824013] FSR: 0, Voltage: 0.0000, Resistance: inf, Message: N/A
2025-07-26 23:18:05,057 - app - INFO - [2025-07-26T23:18:05.057388] FSR: 0, Voltage: 0.0000, Resistance: inf, Message: N/A
2025-07-26 23:18:06,157 - app - INFO - [2025-07-26T23:18:06.157805] FSR: 0, Voltage: 0.0000, Resistance: inf, Message: N/A
2025-07-26 23:18:07,414 - app - INFO - [2025-07-26T23:18:07.414632] FSR: 0, Voltage: 0.0000, Resistance: inf, Message: N/A
2025-07-26 23:18:08,673 - app - INFO - [2025-07-26T23:18:08.673227] FSR: 0, Voltage: 0.0000, Resistance: inf, Message: N/A
2025-07-26 23:18:10,068 - app - INFO - [2025-07-26T23:18:10.068028] FSR: 0, Voltage: 0.0000, Resistance: inf, Message: N/A
2025-07-26 23:18:11,370 - app - INFO - [2025-07-26T23:18:11.370327] FSR: 0, Voltage: 0.0000, Resistance: inf, Message: N/A
2025-07-26 23:18:12,850 - app - INFO - [2025-07-26T23:18:12.850276] FSR: 0, Voltage: 0.0000, Resistance: inf, Message: N/A
2025-07-26 23:18:13,901 - app - INFO - [2025-07-26T23:18:13.901081] FSR: 0, Voltage: 0.0000, Resistance: inf, Message: N/A
2025-07-26 23:18:15,389 - app - INFO - [2025-07-26T23:18:15.389464] FSR: 0, Voltage: 0.0000, Resistance: inf, Message: N/A
2025-07-26 23:18:16,730 - app - INFO - [2025-07-26T23:18:16.730230] FSR: 0, Voltage: 0.0000, Resistance: inf, Message: N/A
2025-07-26 23:18:18,061 - app - INFO - [2025-07-26T23:18:18.061277] FSR: 0, Voltage: 0.0000, Resistance: inf, Message: N/A
2025-07-26 23:18:19,190 - app - INFO - [2025-07-26T23:18:19.190072] FSR: 0, Voltage: 0.0000, Resistance: inf, Message: N/A
2025-07-26 23:18:20,662 - app - INFO - [2025-07-26T23:18:20.662511] FSR: 0, Voltage: 0.0000, Resistance: inf, Message: N/A
2025-07-26 23:18:22,055 - app - INFO - [2025-07-26T23:18:22.055653] FSR: 0, Voltage: 0.0000, Resistance: inf, Message: N/A
2025-07-26 23:18:23,384 - app - INFO - [2025-07-26T23:18:23.384497] FSR: 0, Voltage: 0.0000, Resistance: inf, Message: N/A
2025-07-26 23:18:24,818 - app - INFO - [2025-07-26T23:18:24.818145] FSR: 0, Voltage: 0.0000, Resistance: inf, Message: N/A
2025-07-26 23:18:26,144 - app - INFO - [2025-07-26T23:18:26.144132] FSR: 0, Voltage: 0.0000, Resistance: inf, Message: N/A
2025-07-26 23:18:27,585 - app - INFO - [2025-07-26T23:18:27.585009] FSR: 0, Voltage: 0.0000, Resistance: inf, Message: N/A
2025-07-26 23:18:28,906 - app - INFO - [2025-07-26T23:18:28.906354] FSR: 0, Voltage: 0.0000, Resistance: inf, Message: N/A
2025-07-26 23:18:30,647 - app - INFO - [2025-07-26T23:18:30.646999] FSR: 0, Voltage: 0.0000, Resistance: inf, Message: N/A
2025-07-26 23:18:32,092 - app - INFO - [2025-07-26T23:18:32.092307] FSR: 0, Voltage: 0.0000, Resistance: inf, Message: N/A
2025-07-26 23:18:33,142 - app - INFO - [2025-07-26T23:18:33.142211] FSR: 0, Voltage: 0.0000, Resistance: inf, Message: N/A
2025-07-26 23:18:34,641 - app - INFO - [2025-07-26T23:18:34.641642] FSR: 0, Voltage: 0.0000, Resistance: inf, Message: N/A
2025-07-26 23:18:36,087 - app - INFO - [2025-07-26T23:18:36.087298] FSR: 0, Voltage: 0.0000, Resistance: inf, Message: N/A
2025-07-26 23:18:37,405 - app - INFO - [2025-07-26T23:18:37.405882] FSR: 0, Voltage: 0.0000, Resistance: inf, Message: N/A
2025-07-26 23:18:38,852 - app - INFO - [2025-07-26T23:18:38.852506] FSR: 0, Voltage: 0.0000, Resistance: inf, Message: N/A
2025-07-26 23:18:40,176 - app - INFO - [2025-07-26T23:18:40.176825] FSR: 0, Voltage: 0.0000, Resistance: inf, Message: N/A
2025-07-26 23:18:41,919 - app - INFO - [2025-07-26T23:18:41.919127] FSR: 0, Voltage: 0.0000, Resistance: inf, Message: N/A
2025-07-26 23:18:43,415 - app - INFO - [2025-07-26T23:18:43.415238] FSR: 0, Voltage: 0.0000, Resistance: inf, Message: N/A
2025-07-26 23:18:44,695 - app - INFO - [2025-07-26T23:18:44.695537] FSR: 0, Voltage: 0.0000, Resistance: inf, Message: N/A
2025-07-26 23:18:46,117 - app - INFO - [2025-07-26T23:18:46.117004] FSR: 0, Voltage: 0.0000, Resistance: inf, Message: N/A
2025-07-26 23:18:47,441 - app - INFO - [2025-07-26T23:18:47.441356] FSR: 0, Voltage: 0.0000, Resistance: inf, Message: N/A
2025-07-26 23:18:48,694 - app - INFO - [2025-07-26T23:18:48.694025] FSR: 0, Voltage: 0.0000, Resistance: inf, Message: N/A
2025-07-26 23:18:50,013 - app - INFO - [2025-07-26T23:18:50.013110] FSR: 0, Voltage: 0.0000, Resistance: inf, Message: N/A
2025-07-26 23:18:51,343 - app - INFO - [2025-07-26T23:18:51.343292] FSR: 0, Voltage: 0.0000, Resistance: inf, Message: N/A
2025-07-26 23:18:52,670 - app - INFO - [2025-07-26T23:18:52.670181] FSR: 0, Voltage: 0.0000, Resistance: inf, Message: N/A
2025-07-26 23:18:54,104 - app - INFO - [2025-07-26T23:18:54.104257] FSR: 0, Voltage: 0.0000, Resistance: inf, Message: N/A
2025-07-26 23:18:55,330 - app - INFO - [2025-07-26T23:18:55.329996] FSR: 0, Voltage: 0.0000, Resistance: inf, Message: N/A
2025-07-26 23:18:56,657 - app - INFO - [2025-07-26T23:18:56.657206] FSR: 0, Voltage: 0.0000, Resistance: inf, Message: N/A
2025-07-26 23:18:58,398 - app - INFO - [2025-07-26T23:18:58.398009] FSR: 0, Voltage: 0.0000, Resistance: inf, Message: N/A
2025-07-26 23:18:59,942 - app - INFO - [2025-07-26T23:18:59.942176] FSR: 0, Voltage: 0.0000, Resistance: inf, Message: N/A
2025-07-26 23:19:01,170 - app - INFO - [2025-07-26T23:19:01.170571] FSR: 0, Voltage: 0.0000, Resistance: inf, Message: N/A
2025-07-26 23:19:02,814 - app - INFO - [2025-07-26T23:19:02.814880] FSR: 0, Voltage: 0.0000, Resistance: inf, Message: N/A
2025-07-26 23:19:04,336 - app - INFO - [2025-07-26T23:19:04.336060] FSR: 0, Voltage: 0.0000, Resistance: inf, Message: N/A
2025-07-26 23:19:05,668 - app - INFO - [2025-07-26T23:19:05.668854] FSR: 0, Voltage: 0.0000, Resistance: inf, Message: N/A
2025-07-26 23:19:07,110 - app - INFO - [2025-07-26T23:19:07.110891] FSR: 0, Voltage: 0.0000, Resistance: inf, Message: N/A
2025-07-26 23:19:08,433 - app - INFO - [2025-07-26T23:19:08.433305] FSR: 0, Voltage: 0.0000, Resistance: inf, Message: N/A
2025-07-26 23:19:09,669 - app - INFO - [2025-07-26T23:19:09.669185] FSR: 0, Voltage: 0.0000, Resistance: inf, Message: N/A
2025-07-26 23:19:11,198 - app - INFO - [2025-07-26T23:19:11.198422] FSR: 0, Voltage: 0.0000, Resistance: inf, Message: N/A
2025-07-26 23:19:12,443 - app - INFO - [2025-07-26T23:19:12.443180] FSR: 0, Voltage: 0.0000, Resistance: inf, Message: N/A
2025-07-26 23:19:13,662 - app - INFO - [2025-07-26T23:19:13.662022] FSR: 0, Voltage: 0.0000, Resistance: inf, Message: N/A
2025-07-26 23:19:15,228 - app - INFO - [2025-07-26T23:19:15.228529] FSR: 0, Voltage: 0.0000, Resistance: inf, Message: N/A
2025-07-26 23:19:16,429 - app - INFO - [2025-07-26T23:19:16.429402] FSR: 0, Voltage: 0.0000, Resistance: inf, Message: N/A
2025-07-26 23:19:17,676 - app - INFO - [2025-07-26T23:19:17.676745] FSR: 0, Voltage: 0.0000, Resistance: inf, Message: N/A
2025-07-26 23:19:19,185 - app - INFO - [2025-07-26T23:19:19.185406] FSR: 0, Voltage: 0.0000, Resistance: inf, Message: N/A
2025-07-26 23:19:20,523 - app - INFO - [2025-07-26T23:19:20.523229] FSR: 0, Voltage: 0.0000, Resistance: inf, Message: N/A
2025-07-26 23:19:21,855 - app - INFO - [2025-07-26T23:19:21.855944] FSR: 0, Voltage: 0.0000, Resistance: inf, Message: N/A
2025-07-26 23:19:23,085 - app - INFO - [2025-07-26T23:19:23.085601] FSR: 0, Voltage: 0.0000, Resistance: inf, Message: N/A
2025-07-26 23:19:24,407 - app - INFO - [2025-07-26T23:19:24.407583] FSR: 0, Voltage: 0.0000, Resistance: inf, Message: N/A
2025-07-26 23:19:25,920 - app - INFO - [2025-07-26T23:19:25.920860] FSR: 0, Voltage: 0.0000, Resistance: inf, Message: N/A
2025-07-26 23:19:27,183 - app - INFO - [2025-07-26T23:19:27.183917] FSR: 0, Voltage: 0.0000, Resistance: inf, Message: N/A
2025-07-26 23:19:28,709 - app - INFO - [2025-07-26T23:19:28.709538] FSR: 0, Voltage: 0.0000, Resistance: inf, Message: N/A
2025-07-26 23:19:29,946 - app - INFO - [2025-07-26T23:19:29.946536] FSR: 0, Voltage: 0.0000, Resistance: inf, Message: N/A
2025-07-26 23:19:31,377 - app - INFO - [2025-07-26T23:19:31.377150] FSR: 0, Voltage: 0.0000, Resistance: inf, Message: N/A
2025-07-26 23:19:32,819 - app - INFO - [2025-07-26T23:19:32.819236] FSR: 0, Voltage: 0.0000, Resistance: inf, Message: N/A
2025-07-26 23:19:33,909 - app - INFO - [2025-07-26T23:19:33.909591] FSR: 0, Voltage: 0.0000, Resistance: inf, Message: N/A
2025-07-26 23:19:35,169 - app - INFO - [2025-07-26T23:19:35.169877] FSR: 0, Voltage: 0.0000, Resistance: inf, Message: N/A
2025-07-26 23:19:36,696 - app - INFO - [2025-07-26T23:19:36.696241] FSR: 0, Voltage: 0.0000, Resistance: inf, Message: N/A
2025-07-26 23:19:37,933 - app - INFO - [2025-07-26T23:19:37.933387] FSR: 0, Voltage: 0.0000, Resistance: inf, Message: N/A
2025-07-26 23:19:39,161 - app - INFO - [2025-07-26T23:19:39.161764] FSR: 0, Voltage: 0.0000, Resistance: inf, Message: N/A
2025-07-26 23:19:40,593 - app - INFO - [2025-07-26T23:19:40.593510] FSR: 0, Voltage: 0.0000, Resistance: inf, Message: N/A
2026-02-21 18:51:43,942 - __main__ - INFO - server starting up
2026-02-21 18:52:28,184 - app - INFO - server starting up
2026-02-21 19:58:28,652 - app - INFO - server starting up
2026-02-21 19:58:29,668 - app - INFO - [2026-02-21T19:58:29.668553] FSR: N/A, Voltage: N/A, Resistance: N/A, Message: N/A
2026-02-21 19:58:42,169 - app - INFO - [2026-02-21T19:58:42.169416] FSR: N/A, Voltage: N/A, Resistance: N/A, Message: N/A
2026-02-21 19:58:43,295 - app - INFO - [2026-02-21T19:58:43.295403] FSR: 223322, Voltage: 2.2645, Resistance: 4572.9536, Message: N/A
2026-02-21 19:58:44,527 - app - INFO - [2026-02-21T19:58:44.526969] FSR: 230321, Voltage: 2.3152, Resistance: 4253.3940, Message: N/A
2026-02-21 19:58:45,769 - app - INFO - [2026-02-21T19:58:45.769601] FSR: 222123, Voltage: 2.1879, Resistance: 5082.8735, Message: N/A
2026-02-21 19:58:47,013 - app - INFO - [2026-02-21T19:58:47.013797] FSR: 0, Voltage: 0.0000, Resistance: inf, Message: N/A
2026-02-21 19:58:48,263 - app - INFO - [2026-02-21T19:58:48.263851] FSR: 0, Voltage: 0.0000, Resistance: inf, Message: N/A
2026-02-21 19:58:49,514 - app - INFO - [2026-02-21T19:58:49.514610] FSR: 0, Voltage: 0.0000, Resistance: inf, Message: N/A
2026-02-21 19:58:50,766 - app - INFO - [2026-02-21T19:58:50.766716] FSR: 221030, Voltage: 2.1242, Resistance: 5534.9023, Message: N/A
2026-02-21 19:58:52,013 - app - INFO - [2026-02-21T19:58:52.013681] FSR: 220120, Voltage: 2.0823, Resistance: 5847.5234, Message: N/A
2026-02-21 19:58:53,266 - app - INFO - [2026-02-21T19:58:53.266578] FSR: 213212, Voltage: 2.0421, Resistance: 6160.2207, Message: N/A
2026-02-21 19:58:54,513 - app - INFO - [2026-02-21T19:58:54.513556] FSR: 0, Voltage: 0.0000, Resistance: inf, Message: N/A
2026-02-21 19:58:55,763 - app - INFO - [2026-02-21T19:58:55.763636] FSR: 0, Voltage: 0.0000, Resistance: inf, Message: N/A
2026-02-21 19:58:57,016 - app - INFO - [2026-02-21T19:58:57.016417] FSR: 0, Voltage: 0.0000, Resistance: inf, Message: N/A
2026-02-21 19:58:58,264 - app - INFO - [2026-02-21T19:58:58.264061] FSR: 0, Voltage: 0.0000, Resistance: inf, Message: N/A
2026-02-21 19:59:10,849 - app - INFO - [2026-02-21T19:59:10.848989] FSR: N/A, Voltage: N/A, Resistance: N/A, Message: N/A
2026-02-21 19:59:11,885 - app - INFO - [2026-02-21T19:59:11.885243] FSR: 0, Voltage: 0.0000, Resistance: inf, Message: N/A
2026-02-21 19:59:13,138 - app - INFO - [2026-02-21T19:59:13.138133] FSR: 0, Voltage: 0.0000, Resistance: inf, Message: N/A
2026-02-21 19:59:14,386 - app - INFO - [2026-02-21T19:59:14.386805] FSR: 0, Voltage: 0.0000, Resistance: inf, Message: N/A
2026-02-21 19:59:26,921 - app - INFO - [2026-02-21T19:59:26.921219] FSR: N/A, Voltage: N/A, Resistance: N/A, Message: N/A
2026-02-21 19:59:27,990 - app - INFO - [2026-02-21T19:59:27.990654] FSR: 0, Voltage: 0.0000, Resistance: inf, Message: N/A
2026-02-21 19:59:29,244 - app - INFO - [2026-02-21T19:59:29.244324] FSR: 0, Voltage: 0.0000, Resistance: inf, Message: N/A
2026-02-21 19:59:30,500 - app - INFO - [2026-02-21T19:59:30.500397] FSR: 0, Voltage: 0.0000, Resistance: inf, Message: N/A
2026-02-21 19:59:43,000 - app - INFO - [2026-02-21T19:59:43.000528] FSR: N/A, Voltage: N/A, Resistance: N/A, Message: N/A
2026-02-21 19:59:44,092 - app - INFO - [2026-02-21T19:59:44.092784] FSR: 0, Voltage: 0.0000, Resistance: inf, Message: N/A
2026-02-21 19:59:45,357 - app - INFO - [2026-02-21T19:59:45.357109] FSR: 0, Voltage: 0.0000, Resistance: inf, Message: N/A
2026-02-21 19:59:46,600 - app - INFO - [2026-02-21T19:59:46.600363] FSR: 0, Voltage: 0.0000, Resistance: inf, Message: N/A
2026-02-21 19:59:58,980 - app - INFO - [2026-02-21T19:59:58.980205] FSR: N/A, Voltage: N/A, Resistance: N/A, Message: N/A
2026-02-21 20:00:00,206 - app - INFO - [2026-02-21T20:00:00.206374] FSR: 0, Voltage: 0.0000, Resistance: inf, Message: N/A
2026-02-21 20:00:01,446 - app - INFO - [2026-02-21T20:00:01.446706] FSR: 0, Voltage: 0.0000, Resistance: inf, Message: N/A
2026-02-21 20:00:02,690 - app - INFO - [2026-02-21T20:00:02.690726] FSR: 0, Voltage: 0.0000, Resistance: inf, Message: N/A
2026-02-21 20:00:15,251 - app - INFO - [2026-02-21T20:00:15.251658] FSR: N/A, Voltage: N/A, Resistance: N/A, Message: N/A
2026-02-21 20:00:16,317 - app - INFO - [2026-02-21T20:00:16.317137] FSR: 0, Voltage: 0.0000, Resistance: inf, Message: N/A
2026-02-21 20:00:17,552 - app - INFO - [2026-02-21T20:00:17.552756] FSR: 0, Voltage: 0.0000, Resistance: inf, Message: N/A
2026-02-21 20:00:18,815 - app - INFO - [2026-02-21T20:00:18.815534] FSR: 0, Voltage: 0.0000, Resistance: inf, Message: N/A
2026-02-21 20:00:31,329 - app - INFO - [2026-02-21T20:00:31.329338] FSR: N/A, Voltage: N/A, Resistance: N/A, Message: N/A
2026-02-21 20:00:32,426 - app - INFO - [2026-02-21T20:00:32.426660] FSR: 0, Voltage: 0.0000, Resistance: inf, Message: N/A
2026-02-21 20:00:33,674 - app - INFO - [2026-02-21T20:00:33.674678] FSR: 0, Voltage: 0.0000, Resistance: inf, Message: N/A
2026-02-21 20:00:34,915 - app - INFO - [2026-02-21T20:00:34.915702] FSR: 0, Voltage: 0.0000, Resistance: inf, Message: N/A
2026-02-21 20:00:47,308 - app - INFO - [2026-02-21T20:00:47.308618] FSR: N/A, Voltage: N/A, Resistance: N/A, Message: N/A
2026-02-21 20:00:48,527 - app - INFO - [2026-02-21T20:00:48.527439] FSR: 0, Voltage: 0.0000, Resistance: inf, Message: N/A
2026-02-21 20:00:49,770 - app - INFO - [2026-02-21T20:00:49.770929] FSR: 0, Voltage: 0.0000, Resistance: inf, Message: N/A
2026-02-21 20:00:51,025 - app - INFO - [2026-02-21T20:00:51.025313] FSR: 0, Voltage: 0.0000, Resistance: inf, Message: N/A
2026-02-21 20:01:03,393 - app - INFO - [2026-02-21T20:01:03.393316] FSR: N/A, Voltage: N/A, Resistance: N/A, Message: N/A
2026-02-21 20:01:04,624 - app - INFO - [2026-02-21T20:01:04.624488] FSR: 0, Voltage: 0.0000, Resistance: inf, Message: N/A
2026-02-21 20:01:05,869 - app - INFO - [2026-02-21T20:01:05.869148] FSR: 0, Voltage: 0.0000, Resistance: inf, Message: N/A
2026-02-21 20:01:07,123 - app - INFO - [2026-02-21T20:01:07.123224] FSR: 0, Voltage: 0.0000, Resistance: inf, Message: N/A
2026-02-21 20:01:19,662 - app - INFO - [2026-02-21T20:01:19.662373] FSR: N/A, Voltage: N/A, Resistance: N/A, Message: N/A
2026-02-21 20:01:20,728 - app - INFO - [2026-02-21T20:01:20.728747] FSR: 0, Voltage: 0.0000, Resistance: inf, Message: N/A
2026-02-21 20:01:21,994 - app - INFO - [2026-02-21T20:01:21.994030] FSR: 0, Voltage: 0.0000, Resistance: inf, Message: N/A
2026-02-21 20:01:23,238 - app - INFO - [2026-02-21T20:01:23.238600] FSR: 0, Voltage: 0.0000, Resistance: inf, Message: N/A
2026-02-21 20:01:35,746 - app - INFO - [2026-02-21T20:01:35.746639] FSR: N/A, Voltage: N/A, Resistance: N/A, Message: N/A
2026-02-21 20:01:36,843 - app - INFO - [2026-02-21T20:01:36.843621] FSR: 0, Voltage: 0.0000, Resistance: inf, Message: N/A
2026-02-21 20:01:38,082 - app - INFO - [2026-02-21T20:01:38.082282] FSR: 0, Voltage: 0.0000, Resistance: inf, Message: N/A
2026-02-21 20:01:39,331 - app - INFO - [2026-02-21T20:01:39.331190] FSR: 0, Voltage: 0.0000, Resistance: inf, Message: N/A
2026-02-21 20:01:51,735 - app - INFO - [2026-02-21T20:01:51.735420] FSR: N/A, Voltage: N/A, Resistance: N/A, Message: N/A
2026-02-21 20:01:52,947 - app - INFO - [2026-02-21T20:01:52.947930] FSR: 0, Voltage: 0.0000, Resistance: inf, Message: N/A
2026-02-21 20:01:54,192 - app - INFO - [2026-02-21T20:01:54.191969] FSR: 0, Voltage: 0.0000, Resistance: inf, Message: N/A
2026-02-21 20:01:55,446 - app - INFO - [2026-02-21T20:01:55.446417] FSR: 0, Voltage: 0.0000, Resistance: inf, Message: N/A
2026-02-21 20:02:07,992 - app - INFO - [2026-02-21T20:02:07.992528] FSR: N/A, Voltage: N/A, Resistance: N/A, Message: N/A
2026-02-21 20:02:09,062 - app - INFO - [2026-02-21T20:02:09.062207] FSR: 0, Voltage: 0.0000, Resistance: inf, Message: N/A
2026-02-21 20:02:10,318 - app - INFO - [2026-02-21T20:02:10.318950] FSR: 0, Voltage: 0.0000, Resistance: inf, Message: N/A
2026-02-21 20:02:11,561 - app - INFO - [2026-02-21T20:02:11.561206] FSR: 0, Voltage: 0.0000, Resistance: inf, Message: N/A
2026-02-21 20:41:13,084 - app - INFO - [2026-02-21T20:41:13.084280] FSR: N/A, Voltage: N/A, Resistance: N/A, Message: N/A
2026-02-21 20:41:14,331 - app - INFO - [2026-02-21T20:41:14.331863] FSR: 0, Voltage: 0.0000, Resistance: inf, Message: N/A
2026-02-21 20:41:15,556 - app - INFO - [2026-02-21T20:41:15.556526] FSR: 0, Voltage: 0.0000, Resistance: inf, Message: N/A
2026-02-21 20:41:31,407 - app - INFO - [2026-02-21T20:41:31.407435] FSR: N/A, Voltage: N/A, Resistance: N/A, Message: N/A
2026-02-21 20:41:32,502 - app - INFO - [2026-02-21T20:41:32.502635] FSR: 0, Voltage: 0.0000, Resistance: inf, Message: N/A
2026-02-21 20:41:33,791 - app - INFO - [2026-02-21T20:41:33.791443] FSR: 0, Voltage: 0.0000, Resistance: inf, Message: N/A
2026-02-21 20:41:46,791 - app - INFO - [2026-02-21T20:41:46.791572] FSR: N/A, Voltage: N/A, Resistance: N/A, Message: N/A
2026-02-21 20:41:47,857 - app - INFO - [2026-02-21T20:41:47.857264] FSR: 0, Voltage: 0.0000, Resistance: inf, Message: N/A
2026-02-21 20:41:49,122 - app - INFO - [2026-02-21T20:41:49.122154] FSR: 0, Voltage: 0.0000, Resistance: inf, Message: N/A
2026-02-21 20:42:02,147 - app - INFO - [2026-02-21T20:42:02.147926] FSR: N/A, Voltage: N/A, Resistance: N/A, Message: N/A
2026-02-21 20:42:03,550 - app - INFO - [2026-02-21T20:42:03.550425] FSR: 0, Voltage: 0.0000, Resistance: inf, Message: N/A
2026-02-21 20:42:04,726 - app - INFO - [2026-02-21T20:42:04.726040] FSR: 0, Voltage: 0.0000, Resistance: inf, Message: N/A
2026-02-21 20:42:17,296 - app - INFO - [2026-02-21T20:42:17.296855] FSR: N/A, Voltage: N/A, Resistance: N/A, Message: N/A
2026-02-21 20:42:18,357 - app - INFO - [2026-02-21T20:42:18.356977] FSR: 0, Voltage: 0.0000, Resistance: inf, Message: N/A
2026-02-21 20:42:19,594 - app - INFO - [2026-02-21T20:42:19.594946] FSR: 0, Voltage: 0.0000, Resistance: inf, Message: N/A
2026-02-21 20:42:20,845 - app - INFO - [2026-02-21T20:42:20.845410] FSR: 0, Voltage: 0.0000, Resistance: inf, Message: N/A
2026-02-21 20:42:33,367 - app - INFO - [2026-02-21T20:42:33.367889] FSR: N/A, Voltage: N/A, Resistance: N/A, Message: N/A
2026-02-21 20:42:34,461 - app - INFO - [2026-02-21T20:42:34.461108] FSR: 0, Voltage: 0.0000, Resistance: inf, Message: N/A
2026-02-21 20:42:35,821 - app - INFO - [2026-02-21T20:42:35.821849] FSR: 0, Voltage: 0.0000, Resistance: inf, Message: N/A
2026-02-21 20:42:36,965 - app - INFO - [2026-02-21T20:42:36.965566] FSR: 0, Voltage: 0.0000, Resistance: inf, Message: N/A
2026-02-21 20:42:49,345 - app - INFO - [2026-02-21T20:42:49.345839] FSR: N/A, Voltage: N/A, Resistance: N/A, Message: N/A
2026-02-21 20:42:50,574 - app - INFO - [2026-02-21T20:42:50.574177] FSR: 0, Voltage: 0.0000, Resistance: inf, Message: N/A
2026-02-21 20:42:51,810 - app - INFO - [2026-02-21T20:42:51.810583] FSR: 0, Voltage: 0.0000, Resistance: inf, Message: N/A
2026-02-21 20:42:53,060 - app - INFO - [2026-02-21T20:42:53.060578] FSR: 0, Voltage: 0.0000, Resistance: inf, Message: N/A
2026-02-21 20:43:06,121 - app - INFO - [2026-02-21T20:43:06.121108] FSR: N/A, Voltage: N/A, Resistance: N/A, Message: N/A
2026-02-21 20:43:07,382 - app - INFO - [2026-02-21T20:43:07.382486] FSR: 0, Voltage: 0.0000, Resistance: inf, Message: N/A
2026-02-21 20:43:19,953 - app - INFO - [2026-02-21T20:43:19.953954] FSR: N/A, Voltage: N/A, Resistance: N/A, Message: N/A
2026-02-21 20:43:21,204 - app - INFO - [2026-02-21T20:43:21.204365] FSR: 0, Voltage: 0.0000, Resistance: inf, Message: N/A
2026-02-21 20:43:22,450 - app - INFO - [2026-02-21T20:43:22.450155] FSR: 0, Voltage: 0.0000, Resistance: inf, Message: N/A
2026-02-21 20:43:34,911 - app - INFO - [2026-02-21T20:43:34.911761] FSR: N/A, Voltage: N/A, Resistance: N/A, Message: N/A
2026-02-21 20:43:41,247 - app - INFO - [2026-02-21T20:43:41.247902] FSR: N/A, Voltage: N/A, Resistance: N/A, Message: N/A
2026-02-21 20:43:42,321 - app - INFO - [2026-02-21T20:43:42.321705] FSR: 0, Voltage: 0.0000, Resistance: inf, Message: N/A
2026-02-21 20:43:43,571 - app - INFO - [2026-02-21T20:43:43.571344] FSR: 0, Voltage: 0.0000, Resistance: inf, Message: N/A
2026-02-21 20:43:57,227 - app - INFO - [2026-02-21T20:43:57.227503] FSR: N/A, Voltage: N/A, Resistance: N/A, Message: N/A
2026-02-21 20:43:58,330 - app - INFO - [2026-02-21T20:43:58.330829] FSR: 0, Voltage: 0.0000, Resistance: inf, Message: N/A
2026-02-21 20:43:59,576 - app - INFO - [2026-02-21T20:43:59.575995] FSR: 0, Voltage: 0.0000, Resistance: inf, Message: N/A
2026-02-21 20:44:12,071 - app - INFO - [2026-02-21T20:44:12.071598] FSR: N/A, Voltage: N/A, Resistance: N/A, Message: N/A
2026-02-21 20:44:13,164 - app - INFO - [2026-02-21T20:44:13.164872] FSR: 0, Voltage: 0.0000, Resistance: inf, Message: N/A
2026-02-21 20:44:14,412 - app - INFO - [2026-02-21T20:44:14.412932] FSR: 0, Voltage: 0.0000, Resistance: inf, Message: N/A
2026-02-21 20:44:15,664 - app - INFO - [2026-02-21T20:44:15.664760] FSR: 0, Voltage: 0.0000, Resistance: inf, Message: N/A
2026-02-21 20:44:28,049 - app - INFO - [2026-02-21T20:44:28.049582] FSR: N/A, Voltage: N/A, Resistance: N/A, Message: N/A
2026-02-21 20:44:37,783 - app - INFO - [2026-02-21T20:44:37.783370] FSR: N/A, Voltage: N/A, Resistance: N/A, Message: N/A
2026-02-21 20:44:38,839 - app - INFO - [2026-02-21T20:44:38.839252] FSR: 0, Voltage: 0.0000, Resistance: inf, Message: N/A
2026-02-21 20:44:40,127 - app - INFO - [2026-02-21T20:44:40.127546] FSR: 0, Voltage: 0.0000, Resistance: inf, Message: N/A
2026-02-21 20:44:52,644 - app - INFO - [2026-02-21T20:44:52.644897] FSR: N/A, Voltage: N/A, Resistance: N/A, Message: N/A
2026-02-21 20:44:54,774 - app - INFO - [2026-02-21T20:44:54.774423] FSR: 0, Voltage: 0.0000, Resistance: inf, Message: N/A
2026-02-21 20:44:55,941 - app - INFO - [2026-02-21T20:44:55.941882] FSR: 0, Voltage: 0.0000, Resistance: inf, Message: N/A
2026-02-21 20:45:13,310 - app - INFO - [2026-02-21T20:45:13.310782] FSR: N/A, Voltage: N/A, Resistance: N/A, Message: N/A
2026-02-21 20:45:14,368 - app - INFO - [2026-02-21T20:45:14.368803] FSR: 0, Voltage: 0.0000, Resistance: inf, Message: N/A
2026-02-21 20:45:15,624 - app - INFO - [2026-02-21T20:45:15.624924] FSR: 0, Voltage: 0.0000, Resistance: inf, Message: N/A
2026-02-21 20:45:28,661 - app - INFO - [2026-02-21T20:45:28.661578] FSR: N/A, Voltage: N/A, Resistance: N/A, Message: N/A
2026-02-21 20:45:29,719 - app - INFO - [2026-02-21T20:45:29.719623] FSR: 0, Voltage: 0.0000, Resistance: inf, Message: N/A
2026-02-21 20:45:33,387 - app - INFO - [2026-02-21T20:45:33.387086] FSR: N/A, Voltage: N/A, Resistance: N/A, Message: N/A
2026-02-21 20:45:48,527 - app - INFO - [2026-02-21T20:45:48.527927] FSR: N/A, Voltage: N/A, Resistance: N/A, Message: N/A
2026-02-21 20:45:49,637 - app - INFO - [2026-02-21T20:45:49.637405] FSR: 0, Voltage: 0.0000, Resistance: inf, Message: N/A
2026-02-21 20:45:50,981 - app - INFO - [2026-02-21T20:45:50.981176] FSR: 0, Voltage: 0.0000, Resistance: inf, Message: N/A
2026-02-21 20:46:03,391 - app - INFO - [2026-02-21T20:46:03.391203] FSR: N/A, Voltage: N/A, Resistance: N/A, Message: N/A
2026-02-21 20:46:04,707 - app - INFO - [2026-02-21T20:46:04.707491] FSR: 0, Voltage: 0.0000, Resistance: inf, Message: N/A
2026-02-21 20:46:05,987 - app - INFO - [2026-02-21T20:46:05.987439] FSR: 0, Voltage: 0.0000, Resistance: inf, Message: N/A
2026-02-21 20:46:26,225 - app - INFO - [2026-02-21T20:46:26.225688] FSR: N/A, Voltage: N/A, Resistance: N/A, Message: N/A
2026-02-21 20:46:27,280 - app - INFO - [2026-02-21T20:46:27.279983] FSR: 0, Voltage: 0.0000, Resistance: inf, Message: N/A
2026-02-21 20:46:28,535 - app - INFO - [2026-02-21T20:46:28.535058] FSR: 0, Voltage: 0.0000, Resistance: inf, Message: N/A
2026-02-21 20:46:41,064 - app - INFO - [2026-02-21T20:46:41.064656] FSR: N/A, Voltage: N/A, Resistance: N/A, Message: N/A
2026-02-21 20:46:42,107 - app - INFO - [2026-02-21T20:46:42.107922] FSR: 0, Voltage: 0.0000, Resistance: inf, Message: N/A
2026-02-21 20:46:43,361 - app - INFO - [2026-02-21T20:46:43.361017] FSR: 0, Voltage: 0.0000, Resistance: inf, Message: N/A
2026-02-21 20:46:44,615 - app - INFO - [2026-02-21T20:46:44.614948] FSR: 0, Voltage: 0.0000, Resistance: inf, Message: N/A
2026-02-21 20:46:57,145 - app - INFO - [2026-02-21T20:46:57.145512] FSR: N/A, Voltage: N/A, Resistance: N/A, Message: N/A
2026-02-21 20:46:58,232 - app - INFO - [2026-02-21T20:46:58.232903] FSR: 210320, Voltage: 1.9018, Resistance: 7351.6948, Message: N/A
2026-02-21 20:46:59,464 - app - INFO - [2026-02-21T20:46:59.464719] FSR: 13023, Voltage: 0.3699, Resistance: 79215.6797, Message: N/A
2026-02-21 20:47:00,712 - app - INFO - [2026-02-21T20:47:00.712319] FSR: 0, Voltage: 0.0000, Resistance: inf, Message: N/A
2026-02-21 20:47:01,971 - app - INFO - [2026-02-21T20:47:01.971108] FSR: 0, Voltage: 0.0000, Resistance: inf, Message: N/A
2026-02-21 20:47:03,228 - app - INFO - [2026-02-21T20:47:03.228683] FSR: 0, Voltage: 0.0000, Resistance: inf, Message: N/A
2026-02-21 20:47:15,797 - app - INFO - [2026-02-21T20:47:15.797737] FSR: N/A, Voltage: N/A, Resistance: N/A, Message: N/A
2026-02-21 20:47:16,928 - app - INFO - [2026-02-21T20:47:16.928914] FSR: 0, Voltage: 0.0000, Resistance: inf, Message: N/A
2026-02-21 20:47:18,128 - app - INFO - [2026-02-21T20:47:18.128511] FSR: 0, Voltage: 0.0000, Resistance: inf, Message: N/A
2026-02-21 20:47:19,375 - app - INFO - [2026-02-21T20:47:19.375950] FSR: 0, Voltage: 0.0000, Resistance: inf, Message: N/A
2026-02-21 20:47:31,768 - app - INFO - [2026-02-21T20:47:31.768575] FSR: N/A, Voltage: N/A, Resistance: N/A, Message: N/A
2026-02-21 20:47:32,987 - app - INFO - [2026-02-21T20:47:32.987025] FSR: 0, Voltage: 0.0000, Resistance: inf, Message: N/A
2026-02-21 20:47:34,326 - app - INFO - [2026-02-21T20:47:34.326412] FSR: 0, Voltage: 0.0000, Resistance: inf, Message: N/A
2026-02-21 20:47:45,895 - app - INFO - [2026-02-21T20:47:45.895704] FSR: N/A, Voltage: N/A, Resistance: N/A, Message: N/A
2026-02-21 20:47:47,216 - app - INFO - [2026-02-21T20:47:47.216073] FSR: 0, Voltage: 0.0000, Resistance: inf, Message: N/A
2026-02-21 20:47:48,371 - app - INFO - [2026-02-21T20:47:48.371890] FSR: 0, Voltage: 0.0000, Resistance: inf, Message: N/A
2026-02-21 20:48:00,750 - app - INFO - [2026-02-21T20:48:00.750727] FSR: N/A, Voltage: N/A, Resistance: N/A, Message: N/A
2026-02-21 20:48:01,964 - app - INFO - [2026-02-21T20:48:01.964821] FSR: 0, Voltage: 0.0000, Resistance: inf, Message: N/A
2026-02-21 20:48:03,200 - app - INFO - [2026-02-21T20:48:03.200295] FSR: 0, Voltage: 0.0000, Resistance: inf, Message: N/A
2026-02-21 20:48:04,438 - app - INFO - [2026-02-21T20:48:04.438668] FSR: 0, Voltage: 0.0000, Resistance: inf, Message: N/A
2026-02-21 20:48:17,020 - app - INFO - [2026-02-21T20:48:17.019967] FSR: N/A, Voltage: N/A, Resistance: N/A, Message: N/A
2026-02-21 20:48:18,065 - app - INFO - [2026-02-21T20:48:18.065331] FSR: 0, Voltage: 0.0000, Resistance: inf, Message: N/A
2026-02-21 20:48:19,301 - app - INFO - [2026-02-21T20:48:19.301354] FSR: 0, Voltage: 0.0000, Resistance: inf, Message: N/A
2026-02-21 20:48:20,560 - app - INFO - [2026-02-21T20:48:20.560836] FSR: 0, Voltage: 0.0000, Resistance: inf, Message: N/A
2026-02-21 20:48:33,101 - app - INFO - [2026-02-21T20:48:33.101524] FSR: N/A, Voltage: N/A, Resistance: N/A, Message: N/A
2026-02-21 20:48:34,181 - app - INFO - [2026-02-21T20:48:34.181308] FSR: 0, Voltage: 0.0000, Resistance: inf, Message: N/A
2026-02-21 20:48:35,423 - app - INFO - [2026-02-21T20:48:35.423299] FSR: 0, Voltage: 0.0000, Resistance: inf, Message: N/A
2026-02-21 20:48:37,599 - app - INFO - [2026-02-21T20:48:37.599721] FSR: N/A, Voltage: N/A, Resistance: N/A, Message: N/A
2026-02-21 20:48:38,816 - app - INFO - [2026-02-21T20:48:38.816385] FSR: 0, Voltage: 0.0000, Resistance: inf, Message: N/A
2026-02-21 20:48:40,061 - app - INFO - [2026-02-21T20:48:40.061962] FSR: 0, Voltage: 0.0000, Resistance: inf, Message: N/A
2026-02-21 20:48:47,940 - app - INFO - [2026-02-21T20:48:47.940723] FSR: N/A, Voltage: N/A, Resistance: N/A, Message: N/A
2026-02-21 20:48:49,034 - app - INFO - [2026-02-21T20:48:49.034140] FSR: 0, Voltage: 0.0000, Resistance: inf, Message: N/A
2026-02-21 20:48:50,275 - app - INFO - [2026-02-21T20:48:50.275453] FSR: 0, Voltage: 0.0000, Resistance: inf, Message: N/A
2026-02-21 20:49:01,966 - app - INFO - [2026-02-21T20:49:01.966866] FSR: N/A, Voltage: N/A, Resistance: N/A, Message: N/A
2026-02-21 20:49:03,029 - app - INFO - [2026-02-21T20:49:03.029447] FSR: 0, Voltage: 0.0000, Resistance: inf, Message: N/A
2026-02-21 20:49:04,276 - app - INFO - [2026-02-21T20:49:04.276452] FSR: 0, Voltage: 0.0000, Resistance: inf, Message: N/A
2026-02-21 20:49:07,910 - app - INFO - [2026-02-21T20:49:07.910259] FSR: N/A, Voltage: N/A, Resistance: N/A, Message: N/A
2026-02-21 20:49:08,962 - app - INFO - [2026-02-21T20:49:08.962669] FSR: 0, Voltage: 0.0000, Resistance: inf, Message: N/A
2026-02-21 20:49:10,217 - app - INFO - [2026-02-21T20:49:10.217465] FSR: 0, Voltage: 0.0000, Resistance: inf, Message: N/A
2026-02-21 20:49:23,176 - app - INFO - [2026-02-21T20:49:23.176714] FSR: N/A, Voltage: N/A, Resistance: N/A, Message: N/A
2026-02-21 20:49:24,483 - app - INFO - [2026-02-21T20:49:24.483639] FSR: 0, Voltage: 0.0000, Resistance: inf, Message: N/A
2026-02-21 20:49:25,525 - app - INFO - [2026-02-21T20:49:25.525386] FSR: 0, Voltage: 0.0000, Resistance: inf, Message: N/A
2026-02-21 20:49:37,916 - app - INFO - [2026-02-21T20:49:37.916560] FSR: N/A, Voltage: N/A, Resistance: N/A, Message: N/A
2026-02-21 20:49:39,140 - app - INFO - [2026-02-21T20:49:39.140178] FSR: 0, Voltage: 0.0000, Resistance: inf, Message: N/A
2026-02-21 20:49:40,394 - app - INFO - [2026-02-21T20:49:40.394002] FSR: 0, Voltage: 0.0000, Resistance: inf, Message: N/A
2026-02-21 20:49:41,664 - app - INFO - [2026-02-21T20:49:41.664650] FSR: 0, Voltage: 0.0000, Resistance: inf, Message: N/A
2026-02-21 20:49:54,200 - app - INFO - [2026-02-21T20:49:54.200880] FSR: N/A, Voltage: N/A, Resistance: N/A, Message: N/A
2026-02-21 20:49:55,264 - app - INFO - [2026-02-21T20:49:55.264804] FSR: 0, Voltage: 0.0000, Resistance: inf, Message: N/A
2026-02-21 20:49:56,505 - app - INFO - [2026-02-21T20:49:56.505016] FSR: 0, Voltage: 0.0000, Resistance: inf, Message: N/A
2026-02-21 20:49:57,746 - app - INFO - [2026-02-21T20:49:57.746506] FSR: 0, Voltage: 0.0000, Resistance: inf, Message: N/A
2026-02-21 20:50:13,862 - app - INFO - [2026-02-21T20:50:13.862228] FSR: N/A, Voltage: N/A, Resistance: N/A, Message: N/A
2026-02-21 20:50:15,048 - app - INFO - [2026-02-21T20:50:15.048066] FSR: 0, Voltage: 0.0000, Resistance: inf, Message: N/A
2026-02-21 20:50:16,298 - app - INFO - [2026-02-21T20:50:16.298421] FSR: 0, Voltage: 0.0000, Resistance: inf, Message: N/A
2026-02-21 20:50:28,703 - app - INFO - [2026-02-21T20:50:28.703507] FSR: N/A, Voltage: N/A, Resistance: N/A, Message: N/A
2026-02-21 20:50:29,797 - app - INFO - [2026-02-21T20:50:29.797538] FSR: 0, Voltage: 0.0000, Resistance: inf, Message: N/A
2026-02-21 20:50:31,037 - app - INFO - [2026-02-21T20:50:31.037675] FSR: 0, Voltage: 0.0000, Resistance: inf, Message: N/A
2026-02-21 20:50:32,298 - app - INFO - [2026-02-21T20:50:32.298296] FSR: 0, Voltage: 0.0000, Resistance: inf, Message: N/A
2026-02-21 20:50:41,502 - app - INFO - [2026-02-21T20:50:41.502670] FSR: N/A, Voltage: N/A, Resistance: N/A, Message: N/A
2026-02-21 20:50:42,596 - app - INFO - [2026-02-21T20:50:42.596037] FSR: 0, Voltage: 0.0000, Resistance: inf, Message: N/A
2026-02-21 20:50:43,845 - app - INFO - [2026-02-21T20:50:43.845578] FSR: 0, Voltage: 0.0000, Resistance: inf, Message: N/A
2026-02-21 20:53:03,347 - app - INFO - [2026-02-21T20:53:03.347248] FSR: N/A, Voltage: N/A, Resistance: N/A, Message: N/A
2026-02-21 20:53:04,460 - app - INFO - [2026-02-21T20:53:04.460468] FSR: 0, Voltage: 0.0000, Resistance: inf, Message: N/A
2026-02-21 20:53:05,695 - app - INFO - [2026-02-21T20:53:05.695466] FSR: 0, Voltage: 0.0000, Resistance: inf, Message: N/A
2026-02-21 20:53:18,105 - app - INFO - [2026-02-21T20:53:18.104968] FSR: N/A, Voltage: N/A, Resistance: N/A, Message: N/A
2026-02-21 20:53:19,305 - app - INFO - [2026-02-21T20:53:19.305606] FSR: 200321, Voltage: 1.6963, Resistance: 9453.6816, Message: N/A
2026-02-21 20:53:20,547 - app - INFO - [2026-02-21T20:53:20.547402] FSR: 202103, Voltage: 1.7689, Resistance: 8656.0361, Message: N/A
2026-02-21 20:53:21,806 - app - INFO - [2026-02-21T20:53:21.806074] FSR: 202312, Voltage: 1.7971, Resistance: 8363.2295, Message: N/A
2026-02-21 20:53:23,051 - app - INFO - [2026-02-21T20:53:23.051736] FSR: 203123, Voltage: 1.8269, Resistance: 8063.5205, Message: N/A
2026-02-21 20:53:24,299 - app - INFO - [2026-02-21T20:53:24.299529] FSR: 203011, Voltage: 1.8092, Resistance: 8240.5352, Message: N/A
2026-02-21 20:53:25,556 - app - INFO - [2026-02-21T20:53:25.556015] FSR: 203120, Voltage: 1.8245, Resistance: 8087.4561, Message: N/A
2026-02-21 20:53:26,779 - app - INFO - [2026-02-21T20:53:26.779611] FSR: 202103, Voltage: 1.7689, Resistance: 8656.0361, Message: N/A
2026-02-21 20:53:28,028 - app - INFO - [2026-02-21T20:53:28.028883] FSR: 203012, Voltage: 1.8100, Resistance: 8232.4131, Message: N/A
2026-02-21 20:53:29,300 - app - INFO - [2026-02-21T20:53:29.300609] FSR: 203133, Voltage: 1.8301, Resistance: 8031.7046, Message: N/A
2026-02-21 20:53:30,539 - app - INFO - [2026-02-21T20:53:30.539050] FSR: 202113, Voltage: 1.7721, Resistance: 8622.1006, Message: N/A
2026-02-21 20:53:31,794 - app - INFO - [2026-02-21T20:53:31.794044] FSR: 0, Voltage: 0.0000, Resistance: inf, Message: N/A
2026-02-21 20:53:33,047 - app - INFO - [2026-02-21T20:53:33.047275] FSR: 0, Voltage: 0.0000, Resistance: inf, Message: N/A
2026-02-21 20:53:34,293 - app - INFO - [2026-02-21T20:53:34.293664] FSR: 0, Voltage: 0.0000, Resistance: inf, Message: N/A
2026-02-21 20:53:35,552 - app - INFO - [2026-02-21T20:53:35.552288] FSR: 0, Voltage: 0.0000, Resistance: inf, Message: N/A
2026-02-21 20:53:48,082 - app - INFO - [2026-02-21T20:53:48.082453] FSR: N/A, Voltage: N/A, Resistance: N/A, Message: N/A
2026-02-21 20:53:49,408 - app - INFO - [2026-02-21T20:53:49.408493] FSR: 0, Voltage: 0.0000, Resistance: inf, Message: N/A
2026-02-21 20:53:50,677 - app - INFO - [2026-02-21T20:53:50.677230] FSR: 0, Voltage: 0.0000, Resistance: inf, Message: N/A
2026-02-21 20:54:03,245 - app - INFO - [2026-02-21T20:54:03.245727] FSR: N/A, Voltage: N/A, Resistance: N/A, Message: N/A
2026-02-21 20:54:04,320 - app - INFO - [2026-02-21T20:54:04.320589] FSR: 0, Voltage: 0.0000, Resistance: inf, Message: N/A
2026-02-21 20:54:05,575 - app - INFO - [2026-02-21T20:54:05.575092] FSR: 0, Voltage: 0.0000, Resistance: inf, Message: N/A
2026-02-21 20:54:06,823 - app - INFO - [2026-02-21T20:54:06.823719] FSR: 0, Voltage: 0.0000, Resistance: inf, Message: N/A
2026-02-21 21:02:59,618 - app - INFO - [2026-02-21T21:02:59.618373] FSR: N/A, Voltage: N/A, Resistance: N/A, Message: N/A
2026-02-21 21:03:00,833 - app - INFO - [2026-02-21T21:03:00.833623] FSR: 0, Voltage: 0.0000, Resistance: inf, Message: N/A
2026-02-21 21:03:02,085 - app - INFO - [2026-02-21T21:03:02.085259] FSR: 0, Voltage: 0.0000, Resistance: inf, Message: N/A
2026-02-21 21:03:13,542 - app - INFO - [2026-02-21T21:03:13.542628] FSR: N/A, Voltage: N/A, Resistance: N/A, Message: N/A
2026-02-21 21:03:15,483 - app - INFO - [2026-02-21T21:03:15.483658] FSR: N/A, Voltage: N/A, Resistance: N/A, Message: N/A
2026-02-21 21:03:16,573 - app - INFO - [2026-02-21T21:03:16.573526] FSR: 0, Voltage: 0.0000, Resistance: inf, Message: N/A
2026-02-21 21:03:17,936 - app - INFO - [2026-02-21T21:03:17.936367] FSR: 0, Voltage: 0.0000, Resistance: inf, Message: N/A
2026-02-21 21:03:30,961 - app - INFO - [2026-02-21T21:03:30.961279] FSR: N/A, Voltage: N/A, Resistance: N/A, Message: N/A
2026-02-21 21:03:32,102 - app - INFO - [2026-02-21T21:03:32.102823] FSR: 0, Voltage: 0.0000, Resistance: inf, Message: N/A
2026-02-21 21:03:33,340 - app - INFO - [2026-02-21T21:03:33.340428] FSR: 0, Voltage: 0.0000, Resistance: inf, Message: N/A
2026-02-21 21:03:47,014 - app - INFO - [2026-02-21T21:03:47.014458] FSR: N/A, Voltage: N/A, Resistance: N/A, Message: N/A
2026-02-21 21:03:48,191 - app - INFO - [2026-02-21T21:03:48.191376] FSR: 0, Voltage: 0.0000, Resistance: inf, Message: N/A
2026-02-21 21:03:49,722 - app - INFO - [2026-02-21T21:03:49.722040] FSR: 0, Voltage: 0.0000, Resistance: inf, Message: N/A
2026-02-21 21:04:00,770 - app - INFO - [2026-02-21T21:04:00.770198] FSR: N/A, Voltage: N/A, Resistance: N/A, Message: N/A
2026-02-21 21:04:02,113 - app - INFO - [2026-02-21T21:04:02.113229] FSR: 0, Voltage: 0.0000, Resistance: inf, Message: N/A
2026-02-21 21:04:03,617 - app - INFO - [2026-02-21T21:04:03.617461] FSR: 0, Voltage: 0.0000, Resistance: inf, Message: N/A
2026-02-21 21:04:25,758 - app - INFO - [2026-02-21T21:04:25.758858] FSR: N/A, Voltage: N/A, Resistance: N/A, Message: N/A
2026-02-21 21:04:26,959 - app - INFO - [2026-02-21T21:04:26.959018] FSR: 0, Voltage: 0.0000, Resistance: inf, Message: N/A
2026-02-21 21:04:28,207 - app - INFO - [2026-02-21T21:04:28.207801] FSR: 0, Voltage: 0.0000, Resistance: inf, Message: N/A
2026-02-21 21:04:29,454 - app - INFO - [2026-02-21T21:04:29.454213] FSR: 213020, Voltage: 2.0179, Resistance: 6353.8340, Message: N/A
2026-02-21 21:04:31,050 - app - INFO - [2026-02-21T21:04:31.050361] FSR: 210332, Voltage: 1.9067, Resistance: 7307.6924, Message: N/A
2026-02-21 21:04:32,378 - app - INFO - [2026-02-21T21:04:32.378762] FSR: 0, Voltage: 0.0000, Resistance: inf, Message: N/A
2026-02-21 21:04:33,436 - app - INFO - [2026-02-21T21:04:33.436879] FSR: 0, Voltage: 0.0000, Resistance: inf, Message: N/A
2026-02-21 21:04:34,685 - app - INFO - [2026-02-21T21:04:34.684943] FSR: 0, Voltage: 0.0000, Resistance: inf, Message: N/A
2026-02-21 21:04:35,934 - app - INFO - [2026-02-21T21:04:35.934287] FSR: 0, Voltage: 0.0000, Resistance: inf, Message: N/A
2026-02-21 21:06:09,580 - app - INFO - [2026-02-21T21:06:09.580023] FSR: N/A, Voltage: N/A, Resistance: N/A, Message: N/A
2026-02-21 21:06:10,797 - app - INFO - [2026-02-21T21:06:10.797256] FSR: 0, Voltage: 0.0000, Resistance: inf, Message: N/A
2026-02-21 21:06:12,041 - app - INFO - [2026-02-21T21:06:12.041435] FSR: 110231, Voltage: 1.0678, Resistance: 20905.6602, Message: N/A
2026-02-21 21:06:13,291 - app - INFO - [2026-02-21T21:06:13.291882] FSR: 201233, Voltage: 1.7399, Resistance: 8967.1143, Message: N/A
2026-02-21 21:06:14,535 - app - INFO - [2026-02-21T21:06:14.534981] FSR: 201223, Voltage: 1.7366, Resistance: 9002.3193, Message: N/A
2026-02-21 21:06:15,794 - app - INFO - [2026-02-21T21:06:15.794623] FSR: 201123, Voltage: 1.7237, Resistance: 9144.4600, Message: N/A
2026-02-21 21:06:17,051 - app - INFO - [2026-02-21T21:06:17.051701] FSR: 0, Voltage: 0.0000, Resistance: inf, Message: N/A
2026-02-21 21:06:18,286 - app - INFO - [2026-02-21T21:06:18.286141] FSR: 0, Voltage: 0.0000, Resistance: inf, Message: N/A
2026-02-21 21:06:19,534 - app - INFO - [2026-02-21T21:06:19.534138] FSR: 0, Voltage: 0.0000, Resistance: inf, Message: N/A
